#-----------------------------------------------------------
# PlanAhead v14.5 (64-bit)
# Build 247527 by xbuild on Mon Mar 25 17:13:07 MDT 2013
# Start of session at: Wed Oct 21 23:32:46 2020
# Process ID: 9184
# Log file: D:/HZIEE/2-COCP/2-Prac/P1-1/suber_pro/planAhead_run_2/planAhead.log
# Journal file: D:/HZIEE/2-COCP/2-Prac/P1-1/suber_pro/planAhead_run_2/planAhead.jou
#-----------------------------------------------------------
start_gui
source D:/HZIEE/2-COCP/2-Prac/P1-1/suber_pro/pa.fromHdl.tcl
update_compile_order -fileset sim_1
startgroup
set_property package_pin V15 [get_ports {s[3]}]
endgroup
startgroup
set_property package_pin U15 [get_ports {s[2]}]
endgroup
startgroup
set_property package_pin V16 [get_ports {s[1]}]
endgroup
startgroup
set_property package_pin U16 [get_ports {s[0]}]
endgroup
startgroup
set_property package_pin T5 [get_ports {x[3]}]
endgroup
startgroup
set_property package_pin V8 [get_ports {x[2]}]
endgroup
startgroup
set_property package_pin U8 [get_ports {x[1]}]
endgroup
startgroup
set_property package_pin N8 [get_ports {x[0]}]
endgroup
startgroup
set_property package_pin M8 [get_ports {y[3]}]
endgroup
startgroup
set_property package_pin V9 [get_ports {y[2]}]
endgroup
startgroup
set_property package_pin T9 [get_ports {y[1]}]
endgroup
startgroup
set_property package_pin T10 [get_ports {y[0]}]
endgroup
set_property package_pin "" [get_ports [list  overflow]]
startgroup
set_property package_pin V16 [get_ports {s[1]}]
endgroup
startgroup
set_property package_pin T11 [get_ports cout]
endgroup
startgroup
set_property package_pin R11 [get_ports overflow]
endgroup
save_constraints
