--------------------------------------------------------------------------------
Release 14.5 Trace  (nt64)
Copyright (c) 1995-2012 Xilinx, Inc.  All rights reserved.

C:\Xilinx\14.5\ISE_DS\ISE\bin\nt64\unwrapped\trce.exe -intstyle ise -v 3 -s 3
-n 3 -fastpaths -xml even_odd.twx even_odd.ncd -o even_odd.twr even_odd.pcf
-ucf even_odd.ucf

Design file:              even_odd.ncd
Physical constraint file: even_odd.pcf
Device,package,speed:     xa6slx16,csg324,I,-3 (PRODUCTION 1.23 2013-03-26)
Report level:             verbose report

Environment Variable      Effect 
--------------------      ------ 
NONE                      No environment variables were set
--------------------------------------------------------------------------------

INFO:Timing:2698 - No timing constraints found, doing default enumeration.
INFO:Timing:3412 - To improve timing, see the Timing Closure User Guide (UG612).
INFO:Timing:2752 - To get complete path coverage, use the unconstrained paths 
   option. All paths that are not constrained will be reported in the 
   unconstrained paths section(s) of the report.
INFO:Timing:3339 - The clock-to-out numbers in this timing report are based on 
   a 50 Ohm transmission line loading model.  For the details of this model, 
   and for more information on accounting for different loading conditions, 
   please see the device datasheet.



Data Sheet report:
-----------------
All values displayed in nanoseconds (ns)

Pad to Pad
---------------+---------------+---------+
Source Pad     |Destination Pad|  Delay  |
---------------+---------------+---------+
a<0>           |even           |    8.330|
a<0>           |odd            |    8.659|
a<1>           |even           |    7.982|
a<1>           |odd            |    8.311|
a<2>           |even           |    7.826|
a<2>           |odd            |    8.155|
a<3>           |even           |    8.692|
a<3>           |odd            |    8.341|
a<4>           |even           |    7.960|
a<4>           |odd            |    7.906|
a<5>           |even           |    7.770|
a<5>           |odd            |    8.229|
a<6>           |even           |    7.582|
a<6>           |odd            |    7.780|
a<7>           |even           |    8.007|
a<7>           |odd            |    8.641|
---------------+---------------+---------+


Analysis completed Wed Oct 21 22:43:31 2020 
--------------------------------------------------------------------------------

Trace Settings:
-------------------------
Trace Settings 

Peak Memory Usage: 4554 MB



