Release 14.5 - xst P.58f (nt64)
Copyright (c) 1995-2012 Xilinx, Inc.  All rights reserved.
--> Parameter TMPDIR set to xst/projnav.tmp


Total REAL time to Xst completion: 0.00 secs
Total CPU time to Xst completion: 0.11 secs
 
--> Parameter xsthdpdir set to xst


Total REAL time to Xst completion: 0.00 secs
Total CPU time to Xst completion: 0.11 secs
 
--> Reading design: Top.prj

TABLE OF CONTENTS
  1) Synthesis Options Summary
  2) HDL Parsing
  3) HDL Elaboration
  4) HDL Synthesis
       4.1) HDL Synthesis Report
  5) Advanced HDL Synthesis
       5.1) Advanced HDL Synthesis Report
  6) Low Level Synthesis
  7) Partition Report
  8) Design Summary
       8.1) Primitive and Black Box Usage
       8.2) Device utilization summary
       8.3) Partition Resource Summary
       8.4) Timing Report
            8.4.1) Clock Information
            8.4.2) Asynchronous Control Signals Information
            8.4.3) Timing Summary
            8.4.4) Timing Details
            8.4.5) Cross Clock Domains Report


=========================================================================
*                      Synthesis Options Summary                        *
=========================================================================
---- Source Parameters
Input File Name                    : "Top.prj"
Ignore Synthesis Constraint File   : NO

---- Target Parameters
Output File Name                   : "Top"
Output Format                      : NGC
Target Device                      : xa6slx16-3-csg324

---- Source Options
Top Module Name                    : Top
Automatic FSM Extraction           : YES
FSM Encoding Algorithm             : Auto
Safe Implementation                : No
FSM Style                          : LUT
RAM Extraction                     : Yes
RAM Style                          : Auto
ROM Extraction                     : Yes
Shift Register Extraction          : YES
ROM Style                          : Auto
Resource Sharing                   : YES
Asynchronous To Synchronous        : NO
Shift Register Minimum Size        : 2
Use DSP Block                      : Auto
Automatic Register Balancing       : No

---- Target Options
LUT Combining                      : Auto
Reduce Control Sets                : Auto
Add IO Buffers                     : YES
Global Maximum Fanout              : 100000
Add Generic Clock Buffer(BUFG)     : 16
Register Duplication               : YES
Optimize Instantiated Primitives   : NO
Use Clock Enable                   : Auto
Use Synchronous Set                : Auto
Use Synchronous Reset              : Auto
Pack IO Registers into IOBs        : Auto
Equivalent register Removal        : YES

---- General Options
Optimization Goal                  : Speed
Optimization Effort                : 1
Power Reduction                    : NO
Keep Hierarchy                     : No
Netlist Hierarchy                  : As_Optimized
RTL Output                         : Yes
Global Optimization                : AllClockNets
Read Cores                         : YES
Write Timing Constraints           : NO
Cross Clock Analysis               : NO
Hierarchy Separator                : /
Bus Delimiter                      : <>
Case Specifier                     : Maintain
Slice Utilization Ratio            : 100
BRAM Utilization Ratio             : 100
DSP48 Utilization Ratio            : 100
Auto BRAM Packing                  : NO
Slice Utilization Ratio Delta      : 5

=========================================================================


=========================================================================
*                          HDL Parsing                                  *
=========================================================================
Analyzing Verilog file "D:\HZIEE\2-COCP\2-Prac\P0-1\ShiftReg\ShiftReg_M.v" into library work
Parsing module <ShiftReg_M>.
Analyzing Verilog file "D:\HZIEE\2-COCP\2-Prac\P0-1\ShiftReg\clk_divf.v" into library work
Parsing module <clk_divf>.
Analyzing Verilog file "D:\HZIEE\2-COCP\2-Prac\P0-1\ShiftReg\Top.v" into library work
Parsing module <Top>.

=========================================================================
*                            HDL Elaboration                            *
=========================================================================

Elaborating module <Top>.

Elaborating module <clk_divf>.
WARNING:HDLCompiler:413 - "D:\HZIEE\2-COCP\2-Prac\P0-1\ShiftReg\clk_divf.v" Line 33: Result of 29-bit expression is truncated to fit in 28-bit target.

Elaborating module <ShiftReg_M>.

=========================================================================
*                           HDL Synthesis                               *
=========================================================================

Synthesizing Unit <Top>.
    Related source file is "D:\HZIEE\2-COCP\2-Prac\P0-1\ShiftReg\Top.v".
    Summary:
	no macro.
Unit <Top> synthesized.

Synthesizing Unit <clk_divf>.
    Related source file is "D:\HZIEE\2-COCP\2-Prac\P0-1\ShiftReg\clk_divf.v".
    Found 1-bit register for signal <clk_out>.
    Found 28-bit register for signal <cnt>.
    Found 28-bit adder for signal <cnt[27]_GND_2_o_add_2_OUT> created at line 33.
    Summary:
	inferred   1 Adder/Subtractor(s).
	inferred  29 D-type flip-flop(s).
Unit <clk_divf> synthesized.

Synthesizing Unit <ShiftReg_M>.
    Related source file is "D:\HZIEE\2-COCP\2-Prac\P0-1\ShiftReg\ShiftReg_M.v".
    Found 4-bit register for signal <Q>.
    Summary:
	inferred   4 D-type flip-flop(s).
Unit <ShiftReg_M> synthesized.

=========================================================================
HDL Synthesis Report

Macro Statistics
# Adders/Subtractors                                   : 1
 28-bit adder                                          : 1
# Registers                                            : 3
 1-bit register                                        : 1
 28-bit register                                       : 1
 4-bit register                                        : 1

=========================================================================

=========================================================================
*                       Advanced HDL Synthesis                          *
=========================================================================


Synthesizing (advanced) Unit <clk_divf>.
The following registers are absorbed into counter <cnt>: 1 register on signal <cnt>.
Unit <clk_divf> synthesized (advanced).

=========================================================================
Advanced HDL Synthesis Report

Macro Statistics
# Counters                                             : 1
 28-bit up counter                                     : 1
# Registers                                            : 5
 Flip-Flops                                            : 5

=========================================================================

=========================================================================
*                         Low Level Synthesis                           *
=========================================================================

Optimizing unit <Top> ...

Mapping all equations...
Building and optimizing final netlist ...
Found area constraint ratio of 100 (+ 5) on block Top, actual ratio is 0.
FlipFlop U2/Q_0 has been replicated 1 time(s) to handle iob=true attribute.

Final Macro Processing ...

=========================================================================
Final Register Report

Macro Statistics
# Registers                                            : 34
 Flip-Flops                                            : 34

=========================================================================

=========================================================================
*                           Partition Report                            *
=========================================================================

Partition Implementation Status
-------------------------------

  No Partitions were found in this design.

-------------------------------

=========================================================================
*                            Design Summary                             *
=========================================================================

Top Level Output File Name         : Top.ngc

Primitive and Black Box Usage:
------------------------------
# BELS                             : 124
#      GND                         : 1
#      INV                         : 1
#      LUT1                        : 27
#      LUT4                        : 2
#      LUT6                        : 37
#      MUXCY                       : 27
#      VCC                         : 1
#      XORCY                       : 28
# FlipFlops/Latches                : 34
#      FD                          : 29
#      FDC                         : 5
# Clock Buffers                    : 1
#      BUFGP                       : 1
# IO Buffers                       : 6
#      IBUF                        : 2
#      OBUF                        : 4

Device utilization summary:
---------------------------

Selected Device : xa6slx16csg324-3 


Slice Logic Utilization: 
 Number of Slice Registers:              33  out of  18224     0%  
 Number of Slice LUTs:                   67  out of   9112     0%  
    Number used as Logic:                67  out of   9112     0%  

Slice Logic Distribution: 
 Number of LUT Flip Flop pairs used:     71
   Number with an unused Flip Flop:      38  out of     71    53%  
   Number with an unused LUT:             4  out of     71     5%  
   Number of fully used LUT-FF pairs:    29  out of     71    40%  
   Number of unique control sets:         2

IO Utilization: 
 Number of IOs:                           7
 Number of bonded IOBs:                   7  out of    232     3%  
    IOB Flip Flops/Latches:               1

Specific Feature Utilization:
 Number of BUFG/BUFGCTRL/BUFHCEs:         1  out of     16     6%  

---------------------------
Partition Resource Summary:
---------------------------

  No Partitions were found in this design.

---------------------------


=========================================================================
Timing Report

NOTE: THESE TIMING NUMBERS ARE ONLY A SYNTHESIS ESTIMATE.
      FOR ACCURATE TIMING INFORMATION PLEASE REFER TO THE TRACE REPORT
      GENERATED AFTER PLACE-and-ROUTE.

Clock Information:
------------------
-----------------------------------+------------------------+-------+
Clock Signal                       | Clock buffer(FF name)  | Load  |
-----------------------------------+------------------------+-------+
U1/clk_out                         | NONE(U2/Q_3)           | 5     |
clk                                | BUFGP                  | 29    |
-----------------------------------+------------------------+-------+
INFO:Xst:2169 - HDL ADVISOR - Some clock signals were not automatically buffered by XST with BUFG/BUFR resources. Please use the buffer_type constraint in order to insert these buffers to the clock signals to help prevent skew problems.

Asynchronous Control Signals Information:
----------------------------------------
No asynchronous control signals found in this design

Timing Summary:
---------------
Speed Grade: -3

   Minimum period: 3.272ns (Maximum Frequency: 305.591MHz)
   Minimum input arrival time before clock: 2.366ns
   Maximum output required time after clock: 3.634ns
   Maximum combinational path delay: No path found

Timing Details:
---------------
All values displayed in nanoseconds (ns)

=========================================================================
Timing constraint: Default period analysis for Clock 'U1/clk_out'
  Clock period: 1.165ns (frequency: 858.185MHz)
  Total number of paths / destination ports: 3 / 3
-------------------------------------------------------------------------
Delay:               1.165ns (Levels of Logic = 0)
  Source:            U2/Q_2 (FF)
  Destination:       U2/Q_3 (FF)
  Source Clock:      U1/clk_out rising
  Destination Clock: U1/clk_out rising

  Data Path: U2/Q_2 to U2/Q_3
                                Gate     Net
    Cell:in->out      fanout   Delay   Delay  Logical Name (Net Name)
    ----------------------------------------  ------------
     FDC:C->Q              2   0.447   0.616  U2/Q_2 (U2/Q_2)
     FDC:D                     0.102          U2/Q_3
    ----------------------------------------
    Total                      1.165ns (0.549ns logic, 0.616ns route)
                                       (47.1% logic, 52.9% route)

=========================================================================
Timing constraint: Default period analysis for Clock 'clk'
  Clock period: 3.272ns (frequency: 305.591MHz)
  Total number of paths / destination ports: 1219 / 29
-------------------------------------------------------------------------
Delay:               3.272ns (Levels of Logic = 2)
  Source:            U1/cnt_8 (FF)
  Destination:       U1/cnt_22 (FF)
  Source Clock:      clk rising
  Destination Clock: clk rising

  Data Path: U1/cnt_8 to U1/cnt_22
                                Gate     Net
    Cell:in->out      fanout   Delay   Delay  Logical Name (Net Name)
    ----------------------------------------  ------------
     FD:C->Q               3   0.447   1.015  U1/cnt_8 (U1/cnt_8)
     LUT6:I0->O           14   0.203   1.302  U1/GND_2_o_GND_2_o_equal_2_o<27>4_1 (U1/GND_2_o_GND_2_o_equal_2_o<27>41)
     LUT6:I1->O            1   0.203   0.000  U1/cnt_22_rstpot (U1/cnt_22_rstpot)
     FD:D                      0.102          U1/cnt_22
    ----------------------------------------
    Total                      3.272ns (0.955ns logic, 2.317ns route)
                                       (29.2% logic, 70.8% route)

=========================================================================
Timing constraint: Default OFFSET IN BEFORE for Clock 'U1/clk_out'
  Total number of paths / destination ports: 7 / 7
-------------------------------------------------------------------------
Offset:              2.366ns (Levels of Logic = 1)
  Source:            clr (PAD)
  Destination:       U2/Q_3 (FF)
  Destination Clock: U1/clk_out rising

  Data Path: clr to U2/Q_3
                                Gate     Net
    Cell:in->out      fanout   Delay   Delay  Logical Name (Net Name)
    ----------------------------------------  ------------
     IBUF:I->O             5   1.222   0.714  clr_IBUF (clr_IBUF)
     FDC:CLR                   0.430          U2/Q_0
    ----------------------------------------
    Total                      2.366ns (1.652ns logic, 0.714ns route)
                                       (69.8% logic, 30.2% route)

=========================================================================
Timing constraint: Default OFFSET OUT AFTER for Clock 'U1/clk_out'
  Total number of paths / destination ports: 4 / 4
-------------------------------------------------------------------------
Offset:              3.634ns (Levels of Logic = 1)
  Source:            U2/Q_2 (FF)
  Destination:       Q<2> (PAD)
  Source Clock:      U1/clk_out rising

  Data Path: U2/Q_2 to Q<2>
                                Gate     Net
    Cell:in->out      fanout   Delay   Delay  Logical Name (Net Name)
    ----------------------------------------  ------------
     FDC:C->Q              2   0.447   0.616  U2/Q_2 (U2/Q_2)
     OBUF:I->O                 2.571          Q_2_OBUF (Q<2>)
    ----------------------------------------
    Total                      3.634ns (3.018ns logic, 0.616ns route)
                                       (83.0% logic, 17.0% route)

=========================================================================

Cross Clock Domains Report:
--------------------------

Clock to Setup on destination clock U1/clk_out
---------------+---------+---------+---------+---------+
               | Src:Rise| Src:Fall| Src:Rise| Src:Fall|
Source Clock   |Dest:Rise|Dest:Rise|Dest:Fall|Dest:Fall|
---------------+---------+---------+---------+---------+
U1/clk_out     |    1.165|         |         |         |
---------------+---------+---------+---------+---------+

Clock to Setup on destination clock clk
---------------+---------+---------+---------+---------+
               | Src:Rise| Src:Fall| Src:Rise| Src:Fall|
Source Clock   |Dest:Rise|Dest:Rise|Dest:Fall|Dest:Fall|
---------------+---------+---------+---------+---------+
clk            |    3.272|         |         |         |
---------------+---------+---------+---------+---------+

=========================================================================


Total REAL time to Xst completion: 4.00 secs
Total CPU time to Xst completion: 3.94 secs
 
--> 

Total memory usage is 4505356 kilobytes

Number of errors   :    0 (   0 filtered)
Number of warnings :    1 (   0 filtered)
Number of infos    :    1 (   0 filtered)

